[www.2035themes.com/luxen/intro.html]
[backblue.gif]
[fade.gif]
[index.html]
[www.2035themes.com/luxen/img/favicon.ico]
[www.2035themes.com/luxen/ijs/vendor/modernizr-2.8.3-respond-1.1.0.min.js]
[www.2035themes.com/luxen/index.html]
[www.2035themes.com/luxen/boxed/index.html]
[www.2035themes.com/luxen/ijs/vendor/jquery-1.11.1.min.js]
[www.2035themes.com/luxen/ijs/vendor/bootstrap.min.js]
[www.2035themes.com/luxen/ijs/main.js]
[www.2035themes.com/luxen/intro.html]
[www.2035themes.com/luxen/icss/bootstrap.min.css]
[www.2035themes.com/luxen/icss/fonts/novecento_bold.eot]
[www.2035themes.com/luxen/icss/fonts/novecento_bold.woff]
[www.2035themes.com/luxen/icss/fonts/novecento_demibold.eot]
[www.2035themes.com/luxen/icss/fonts/novecento_demibold.ttf]
[www.2035themes.com/luxen/icss/fonts/novecento_demibold.woff]
[www.2035themes.com/luxen/iimg/wide.jpg]
[www.2035themes.com/luxen/iimg/boxed.jpg]
[www.2035themes.com/luxen/icss/main.css]
[www.2035themes.com/luxen/icss/2035.responsive.css]
[www.2035themes.com/luxen/icss/animate.css]
[www.2035themes.com/luxen/js/vendor/modernizr-2.8.3-respond-1.1.0.min.js]
[www.2035themes.com/luxen/about.html]
[www.2035themes.com/luxen/temp/germany.png]
[www.2035themes.com/luxen/temp/france.png]
[www.2035themes.com/luxen/temp/poland.png]
[www.2035themes.com/luxen/img/logo.png]
[www.2035themes.com/luxen/index-full-screen.html]
[www.2035themes.com/luxen/under-construction.html]
[www.2035themes.com/luxen/boxed/index-2.html]
[www.2035themes.com/luxen/404.html]
[www.2035themes.com/luxen/team.html]
[www.2035themes.com/luxen/category-grid.html]
[www.2035themes.com/luxen/room-single.html]
[www.2035themes.com/luxen/portfolio.html]
[www.2035themes.com/luxen/reservation-form-dark.html]
[www.2035themes.com/luxen/reservation-form-light.html]
[www.2035themes.com/luxen/gallery.html]
[www.2035themes.com/luxen/blog.html]
[www.2035themes.com/luxen/blog-details.html]
[www.2035themes.com/luxen/left-sidebar-page.html]
[www.2035themes.com/luxen/right-sidebar-page.html]
[www.2035themes.com/luxen/temp/sliderr-1.jpg]
[www.2035themes.com/luxen/temp/sliderr-2.jpg]
[www.2035themes.com/luxen/img/shape.png]
[www.2035themes.com/luxen/temp/otel-info-image-1.jpg]
[www.2035themes.com/luxen/temp/otel-info-image-2.jpg]
[www.2035themes.com/luxen/temp/room-image-6.jpg]
[www.2035themes.com/luxen/temp/room-image-1.jpg]
[www.2035themes.com/luxen/category-list.html]
[www.2035themes.com/luxen/temp/room-image-3.jpg]
[www.2035themes.com/luxen/temp/orkut.png]
[www.2035themes.com/luxen/temp/tripadvisor.png]
[www.2035themes.com/luxen/temp/hyves.png]
[www.2035themes.com/luxen/temp/skype.png]
[www.2035themes.com/luxen/js/vendor/jquery-1.11.1.min.js]
[www.2035themes.com/luxen/js/vendor/bootstrap.min.js]
[www.2035themes.com/luxen/js/retina-1.1.0.min.js]
[www.2035themes.com/luxen/js/jquery.flexslider-min.js]
[www.2035themes.com/luxen/js/superfish.pack.1.4.1.js]
[www.2035themes.com/luxen/js/jquery.prettyPhoto.js]
[www.2035themes.com/luxen/js/bootstrap-datepicker.js]
[www.2035themes.com/luxen/js/selectordie.min.js]
[www.2035themes.com/luxen/js/jquery.slicknav.min.js]
[www.2035themes.com/luxen/js/jquery.parallax-1.1.3.js]
[www.2035themes.com/luxen/js/main.js]
[www.google-analytics.com/analytics.js]
[www.2035themes.com/luxen/index.html]
[www.2035themes.com/luxen/boxed/img/favicon.ico]
[www.2035themes.com/luxen/boxed/js/vendor/modernizr-2.8.3-respond-1.1.0.min.js]
[www.2035themes.com/luxen/boxed/about.html]
[www.2035themes.com/luxen/boxed/temp/germany.png]
[www.2035themes.com/luxen/boxed/temp/france.png]
[www.2035themes.com/luxen/boxed/temp/poland.png]
[www.2035themes.com/luxen/boxed/img/logo.png]
[www.2035themes.com/luxen/boxed/under-construction.html]
[www.2035themes.com/luxen/boxed/404.html]
[www.2035themes.com/luxen/boxed/team.html]
[www.2035themes.com/luxen/boxed/category-grid.html]
[www.2035themes.com/luxen/boxed/room-single.html]
[www.2035themes.com/luxen/boxed/portfolio.html]
[www.2035themes.com/luxen/boxed/reservation-form-dark.html]
[www.2035themes.com/luxen/boxed/reservation-form-light.html]
[www.2035themes.com/luxen/boxed/gallery.html]
[www.2035themes.com/luxen/boxed/blog.html]
[www.2035themes.com/luxen/boxed/blog-details.html]
[www.2035themes.com/luxen/boxed/left-sidebar-page.html]
[www.2035themes.com/luxen/boxed/right-sidebar-page.html]
[www.2035themes.com/luxen/boxed/temp/sli-1.jpg]
[www.2035themes.com/luxen/boxed/temp/sli-2.jpg]
[www.2035themes.com/luxen/boxed/img/shape.png]
[www.2035themes.com/luxen/boxed/temp/otel-info-image-1.jpg]
[www.2035themes.com/luxen/boxed/temp/otel-info-image-2.jpg]
[www.2035themes.com/luxen/boxed/temp/room-image-1.jpg]
[www.2035themes.com/luxen/boxed/temp/room-image-6.jpg]
[www.2035themes.com/luxen/boxed/temp/room-image-3.jpg]
[www.2035themes.com/luxen/boxed/category-list.html]
[www.2035themes.com/luxen/boxed/index-full-screen.html]
[www.2035themes.com/luxen/boxed/temp/orkut.png]
[www.2035themes.com/luxen/boxed/temp/tripadvisor.png]
[www.2035themes.com/luxen/boxed/temp/hyves.png]
[www.2035themes.com/luxen/boxed/temp/skype.png]
[www.2035themes.com/luxen/boxed/js/vendor/jquery-1.11.1.min.js]
[www.2035themes.com/luxen/boxed/js/vendor/bootstrap.min.js]
[www.2035themes.com/luxen/boxed/js/retina-1.1.0.min.js]
[www.2035themes.com/luxen/boxed/js/jquery.flexslider-min.js]
[www.2035themes.com/luxen/boxed/js/superfish.pack.1.4.1.js]
[www.2035themes.com/luxen/boxed/js/jquery.prettyPhoto.js]
[www.2035themes.com/luxen/boxed/js/bootstrap-datepicker.js]
[www.2035themes.com/luxen/boxed/js/selectordie.min.js]
[www.2035themes.com/luxen/boxed/js/jquery.slicknav.min.js]
[www.2035themes.com/luxen/boxed/js/jquery.parallax-1.1.3.js]
[www.2035themes.com/luxen/boxed/js/main.js]
[www.2035themes.com/luxen/boxed/index.html]
[www.2035themes.com/luxen/icss/2035-reset.css]
[www.2035themes.com/luxen/icss/font-awesome/fontawesome-webfont78ce.eot]
[www.2035themes.com/luxen/icss/font-awesome/fontawesome-webfontd41d.eot]
[www.2035themes.com/luxen/icss/font-awesome/fontawesome-webfont78ce.woff]
[www.2035themes.com/luxen/icss/font-awesome/fontawesome-webfont78ce.ttf]
[www.2035themes.com/luxen/icss/font-awesome.min.css]
[www.2035themes.com/luxen/css/bootstrap.min.css]
[www.2035themes.com/luxen/css/flexslider.css]
[www.2035themes.com/luxen/img/prettyPhoto/default/sprite.png]
[www.2035themes.com/luxen/img/prettyPhoto/default/sprite_x.png]
[www.2035themes.com/luxen/img/prettyPhoto/default/sprite_y.png]
[www.2035themes.com/luxen/img/prettyPhoto/default/sprite_next.png]
[www.2035themes.com/luxen/img/prettyPhoto/default/sprite_prev.png]
[www.2035themes.com/luxen/img/prettyPhoto/default/default_thumb.png]
[www.2035themes.com/luxen/img/prettyPhoto/default/loader.gif]
[www.2035themes.com/luxen/img/prettyPhoto/light_rounded/sprite.png]
[www.2035themes.com/luxen/img/prettyPhoto/light_rounded/btnNext.png]
[www.2035themes.com/luxen/img/prettyPhoto/light_rounded/btnPrevious.png]
[www.2035themes.com/luxen/img/prettyPhoto/dark_rounded/sprite.png]
[www.2035themes.com/luxen/img/prettyPhoto/dark_rounded/contentPattern.png]
[www.2035themes.com/luxen/img/prettyPhoto/dark_rounded/btnNext.png]
[www.2035themes.com/luxen/img/prettyPhoto/dark_rounded/btnPrevious.png]
[www.2035themes.com/luxen/img/prettyPhoto/dark_rounded/loader.gif]
[www.2035themes.com/luxen/img/prettyPhoto/dark_square/loader.gif]
[www.2035themes.com/luxen/img/prettyPhoto/dark_square/sprite.png]
[www.2035themes.com/luxen/img/prettyPhoto/dark_square/btnNext.png]
[www.2035themes.com/luxen/img/prettyPhoto/dark_square/btnPrevious.png]
[www.2035themes.com/luxen/img/prettyPhoto/light_square/sprite.png]
[www.2035themes.com/luxen/img/prettyPhoto/light_square/btnNext.png]
[www.2035themes.com/luxen/img/prettyPhoto/light_square/btnPrevious.png]
[www.2035themes.com/luxen/img/prettyPhoto/facebook/sprite.png]
[www.2035themes.com/luxen/img/prettyPhoto/facebook/contentPatternTop.png]
[www.2035themes.com/luxen/img/prettyPhoto/facebook/contentPatternLeft.png]
[www.2035themes.com/luxen/img/prettyPhoto/facebook/contentPatternRight.png]
[www.2035themes.com/luxen/img/prettyPhoto/facebook/loader.gif]
[www.2035themes.com/luxen/img/prettyPhoto/facebook/btnNext.png]
[www.2035themes.com/luxen/img/prettyPhoto/facebook/btnPrevious.png]
[www.2035themes.com/luxen/img/prettyPhoto/facebook/contentPatternBottom.png]
[www.2035themes.com/luxen/img/prettyPhoto/facebook/default_thumbnail.gif]
[www.2035themes.com/luxen/img/prettyPhoto/light_rounded/loader.gif]
[www.2035themes.com/luxen/css/prettyPhoto.css]
[www.2035themes.com/luxen/css/datepicker.css]
[www.2035themes.com/luxen/css/selectordie.css]
[www.2035themes.com/luxen/img/white-pattern.png]
[www.2035themes.com/luxen/img/progress.gif]
[www.2035themes.com/luxen/img/slider-book-now.png]
[www.2035themes.com/luxen/img/bottom-slider-book-now.png]
[www.2035themes.com/luxen/css/artill-clean-icons/artill_clean_icons-webfont.eot]
[www.2035themes.com/luxen/css/artill-clean-icons/artill_clean_icons-webfont.woff]
[www.2035themes.com/luxen/css/artill-clean-icons/artill_clean_icons-webfontd41d.eot]
[www.2035themes.com/luxen/temp/parallax.jpg]
[www.2035themes.com/luxen/css/artill-clean-icons/artill_clean_icons-webfont.ttf]
[www.2035themes.com/luxen/temp/breadcrumb-1.jpg]
[www.2035themes.com/luxen/temp/quick-reservation.jpg]
[www.2035themes.com/luxen/temp/slider-2.jpg]
[www.2035themes.com/luxen/css/main.css]
[www.2035themes.com/luxen/css/2035.responsive.css]
[www.2035themes.com/luxen/temp/slider-1.jpg]
[www.2035themes.com/luxen/temp/slider-3.jpg]
[www.2035themes.com/luxen/temp/otel-info-image-3.jpg]
[www.2035themes.com/luxen/temp/otel-info-image-4.jpg]
[www.2035themes.com/luxen/temp/maps.jpg]
[www.2035themes.com/luxen/about.html]
[www.2035themes.com/luxen/temp/english.png]
[www.2035themes.com/luxen/img/logo-light.png]
[www.2035themes.com/luxen/js/supersized.3.2.7.min.js]
[www.2035themes.com/luxen/js/supersized.shutter.min.js]
[www.2035themes.com/luxen/index-full-screen.html]
[www.2035themes.com/luxen/boxed/index-2.html]
[www.2035themes.com/luxen/js/jquery.plugin.min.js]
[www.2035themes.com/luxen/js/jquery.countdown.min.js]
[www.2035themes.com/luxen/under-construction.html]
[www.2035themes.com/luxen/404.html]
[www.2035themes.com/luxen/temp/team-1.jpg]
[www.2035themes.com/luxen/temp/team-2.jpg]
[www.2035themes.com/luxen/temp/team-3.jpg]
[www.2035themes.com/luxen/temp/team-4.jpg]
[www.2035themes.com/luxen/team.html]
[www.2035themes.com/luxen/temp/grid-icon.png]
[www.2035themes.com/luxen/temp/list-icon.png]
[www.2035themes.com/luxen/temp/room-image-2.jpg]
[www.2035themes.com/luxen/temp/room-image-4.jpg]
[www.2035themes.com/luxen/temp/room-image-5.jpg]
[www.2035themes.com/luxen/category-grid.html]
[www.2035themes.com/luxen/temp/room-gallery-image-1.jpg]
[www.2035themes.com/luxen/temp/room-gallery-image-2.jpg]
[www.2035themes.com/luxen/temp/room-gallery-image-3.jpg]
[www.2035themes.com/luxen/temp/room-gallery-image-4.jpg]
[www.2035themes.com/luxen/temp/room-gallery-image-5.jpg]
[www.2035themes.com/luxen/temp/room-gallery-image-6.jpg]
[www.2035themes.com/luxen/temp/room-gallery-image-7.jpg]
[www.2035themes.com/luxen/temp/room-gallery-image-8.jpg]
[www.2035themes.com/luxen/temp/room-gallery-image-9.jpg]
[www.2035themes.com/luxen/temp/tab-image.jpg]
[www.2035themes.com/luxen/js/jquery.simpleWeather.min.js]
[www.2035themes.com/luxen/room-single.html]
[www.2035themes.com/luxen/js/jquery.isotope.min.js]
[www.2035themes.com/luxen/portfolio.html]
[www.2035themes.com/luxen/reservation-form-dark.html]
[www.2035themes.com/luxen/reservation-form-light.html]
[www.2035themes.com/luxen/gallery.html]
[www.2035themes.com/luxen/temp/blog-image-1.jpg]
[www.2035themes.com/luxen/temp/sidebar-news-image-1.jpg]
[www.2035themes.com/luxen/temp/sidebar-news-image-2.jpg]
[www.2035themes.com/luxen/js/fitvids.js]
[www.2035themes.com/luxen/blog.html]
[www.2035themes.com/luxen/temp/customer-image-1.jpg]
[www.2035themes.com/luxen/temp/customer-image-2.jpg]
[www.2035themes.com/luxen/temp/customer-image-3.jpg]
[www.2035themes.com/luxen/blog-details.html]
[www.2035themes.com/luxen/left-sidebar-page.html]
[www.2035themes.com/luxen/right-sidebar-page.html]
[www.2035themes.com/luxen/category-list.html]
[www.2035themes.com/luxen/boxed/css/bootstrap.min.css]
[www.2035themes.com/luxen/boxed/css/flexslider.css]
[www.2035themes.com/luxen/boxed/img/prettyPhoto/default/sprite.png]
[www.2035themes.com/luxen/boxed/img/prettyPhoto/default/sprite_x.png]
[www.2035themes.com/luxen/boxed/img/prettyPhoto/default/sprite_y.png]
[www.2035themes.com/luxen/boxed/img/prettyPhoto/default/sprite_next.png]
[www.2035themes.com/luxen/boxed/img/prettyPhoto/default/sprite_prev.png]
[www.2035themes.com/luxen/boxed/img/prettyPhoto/default/default_thumb.png]
[www.2035themes.com/luxen/boxed/img/prettyPhoto/default/loader.gif]
[www.2035themes.com/luxen/boxed/img/prettyPhoto/light_rounded/sprite.png]
[www.2035themes.com/luxen/boxed/img/prettyPhoto/light_rounded/btnNext.png]
[www.2035themes.com/luxen/boxed/img/prettyPhoto/light_rounded/btnPrevious.png]
[www.2035themes.com/luxen/boxed/img/prettyPhoto/dark_rounded/sprite.png]
[www.2035themes.com/luxen/boxed/img/prettyPhoto/dark_rounded/contentPattern.png]
[www.2035themes.com/luxen/boxed/img/prettyPhoto/dark_rounded/btnNext.png]
[www.2035themes.com/luxen/boxed/img/prettyPhoto/dark_rounded/btnPrevious.png]
[www.2035themes.com/luxen/boxed/img/prettyPhoto/dark_rounded/loader.gif]
[www.2035themes.com/luxen/boxed/img/prettyPhoto/dark_square/loader.gif]
[www.2035themes.com/luxen/boxed/img/prettyPhoto/dark_square/sprite.png]
[www.2035themes.com/luxen/boxed/img/prettyPhoto/dark_square/btnNext.png]
[www.2035themes.com/luxen/boxed/img/prettyPhoto/dark_square/btnPrevious.png]
[www.2035themes.com/luxen/boxed/img/prettyPhoto/light_square/sprite.png]
[www.2035themes.com/luxen/boxed/img/prettyPhoto/light_square/btnNext.png]
[www.2035themes.com/luxen/boxed/img/prettyPhoto/light_square/btnPrevious.png]
[www.2035themes.com/luxen/boxed/img/prettyPhoto/facebook/sprite.png]
[www.2035themes.com/luxen/boxed/img/prettyPhoto/facebook/contentPatternTop.png]
[www.2035themes.com/luxen/boxed/img/prettyPhoto/facebook/contentPatternLeft.png]
[www.2035themes.com/luxen/boxed/img/prettyPhoto/facebook/contentPatternRight.png]
[www.2035themes.com/luxen/boxed/img/prettyPhoto/facebook/loader.gif]
[www.2035themes.com/luxen/boxed/img/prettyPhoto/facebook/btnNext.png]
[www.2035themes.com/luxen/boxed/img/prettyPhoto/facebook/btnPrevious.png]
[www.2035themes.com/luxen/boxed/img/prettyPhoto/facebook/contentPatternBottom.png]
[www.2035themes.com/luxen/boxed/img/prettyPhoto/facebook/default_thumbnail.gif]
[www.2035themes.com/luxen/boxed/img/prettyPhoto/light_rounded/loader.gif]
[www.2035themes.com/luxen/boxed/css/prettyPhoto.css]
[www.2035themes.com/luxen/boxed/css/datepicker.css]
[www.2035themes.com/luxen/boxed/css/selectordie.css]
[www.2035themes.com/luxen/boxed/img/pattern.png]
[www.2035themes.com/luxen/boxed/img/white-pattern.png]
[www.2035themes.com/luxen/boxed/img/progress.gif]
[www.2035themes.com/luxen/boxed/img/slider-book-now.png]
[www.2035themes.com/luxen/boxed/img/bottom-slider-book-now.png]
[www.2035themes.com/luxen/boxed/css/artill-clean-icons/artill_clean_icons-webfont.eot]
[www.2035themes.com/luxen/boxed/css/artill-clean-icons/artill_clean_icons-webfontd41d.eot]
[www.2035themes.com/luxen/boxed/css/artill-clean-icons/artill_clean_icons-webfont.woff]
[www.2035themes.com/luxen/boxed/temp/parallax.jpg]
[www.2035themes.com/luxen/boxed/css/artill-clean-icons/artill_clean_icons-webfont.ttf]
[www.2035themes.com/luxen/boxed/temp/breadcrumb-1.jpg]
[www.2035themes.com/luxen/boxed/temp/quick-reservation.jpg]
[www.2035themes.com/luxen/boxed/temp/slider-2.jpg]
[www.2035themes.com/luxen/boxed/css/main.css]
[www.2035themes.com/luxen/boxed/css/2035.responsive.css]
[www.2035themes.com/luxen/boxed/temp/slider-1.jpg]
[www.2035themes.com/luxen/boxed/temp/slider-3.jpg]
[www.2035themes.com/luxen/boxed/temp/otel-info-image-3.jpg]
[www.2035themes.com/luxen/boxed/temp/otel-info-image-4.jpg]
[www.2035themes.com/luxen/boxed/temp/maps.jpg]
[www.2035themes.com/luxen/boxed/about.html]
[www.2035themes.com/luxen/boxed/temp/english.png]
[www.2035themes.com/luxen/boxed/img/logo-light.png]
[www.2035themes.com/luxen/boxed/js/jquery.plugin.min.js]
[www.2035themes.com/luxen/boxed/js/jquery.countdown.min.js]
[www.2035themes.com/luxen/boxed/under-construction.html]
[www.2035themes.com/luxen/boxed/404.html]
[www.2035themes.com/luxen/boxed/temp/team-1.jpg]
[www.2035themes.com/luxen/boxed/temp/team-2.jpg]
[www.2035themes.com/luxen/boxed/temp/team-3.jpg]
[www.2035themes.com/luxen/boxed/team.html]
[www.2035themes.com/luxen/boxed/temp/team-4.jpg]
[www.2035themes.com/luxen/boxed/temp/grid-icon.png]
[www.2035themes.com/luxen/boxed/temp/list-icon.png]
[www.2035themes.com/luxen/boxed/temp/room-image-2.jpg]
[www.2035themes.com/luxen/boxed/temp/room-image-4.jpg]
[www.2035themes.com/luxen/boxed/temp/room-image-5.jpg]
[www.2035themes.com/luxen/boxed/category-grid.html]
[www.2035themes.com/luxen/boxed/temp/room-gallery-image-1.jpg]
[www.2035themes.com/luxen/boxed/temp/room-gallery-image-2.jpg]
[www.2035themes.com/luxen/boxed/temp/room-gallery-image-3.jpg]
[www.2035themes.com/luxen/boxed/temp/room-gallery-image-4.jpg]
[www.2035themes.com/luxen/boxed/temp/room-gallery-image-5.jpg]
[www.2035themes.com/luxen/boxed/temp/room-gallery-image-6.jpg]
[www.2035themes.com/luxen/boxed/temp/room-gallery-image-7.jpg]
[www.2035themes.com/luxen/boxed/temp/room-gallery-image-8.jpg]
[www.2035themes.com/luxen/boxed/temp/room-gallery-image-9.jpg]
[www.2035themes.com/luxen/boxed/temp/tab-image.jpg]
[www.2035themes.com/luxen/boxed/js/jquery.simpleWeather.min.js]
[www.2035themes.com/luxen/boxed/room-single.html]
[www.2035themes.com/luxen/boxed/portfolio.html]
[www.2035themes.com/luxen/boxed/reservation-form-dark.html]
[www.2035themes.com/luxen/boxed/reservation-form-light.html]
[www.2035themes.com/luxen/boxed/gallery.html]
[www.2035themes.com/luxen/boxed/js/jquery.isotope.min.js]
[www.2035themes.com/luxen/boxed/temp/blog-image-1.jpg]
[www.2035themes.com/luxen/boxed/temp/sidebar-news-image-1.jpg]
[www.2035themes.com/luxen/boxed/temp/sidebar-news-image-2.jpg]
[www.2035themes.com/luxen/boxed/js/fitvids.js]
[www.2035themes.com/luxen/boxed/blog.html]
[www.2035themes.com/luxen/boxed/temp/customer-image-1.jpg]
[www.2035themes.com/luxen/boxed/temp/customer-image-2.jpg]
[www.2035themes.com/luxen/boxed/temp/customer-image-3.jpg]
[www.2035themes.com/luxen/boxed/blog-details.html]
[www.2035themes.com/luxen/boxed/left-sidebar-page.html]
[www.2035themes.com/luxen/boxed/right-sidebar-page.html]
[www.2035themes.com/luxen/boxed/category-list.html]
[www.2035themes.com/luxen/boxed/js/supersized.3.2.7.min.js]
[www.2035themes.com/luxen/boxed/js/supersized.shutter.min.js]
[www.2035themes.com/luxen/boxed/index-full-screen.html]
[www.2035themes.com/luxen/icss/font-awesome/fontawesome-webfont78ce.svg]
[www.2035themes.com/luxen/css/2035-reset.css]
[www.2035themes.com/luxen/css/font-awesome/fontawesome-webfont78ce.eot]
[www.2035themes.com/luxen/css/font-awesome/fontawesome-webfontd41d.eot]
[www.2035themes.com/luxen/css/font-awesome/fontawesome-webfont78ce.woff]
[www.2035themes.com/luxen/css/font-awesome/fontawesome-webfont78ce.ttf]
[www.2035themes.com/luxen/css/font-awesome.min.css]
[www.2035themes.com/luxen/css/slicknav.css]
[www.2035themes.com/luxen/css/supersized.css]
[www.2035themes.com/luxen/css/supersized.shutter.css]
[www.2035themes.com/luxen/css/jquery.countdown.css]
[www.2035themes.com/luxen/boxed/css/2035-reset.css]
[www.2035themes.com/luxen/boxed/css/font-awesome/fontawesome-webfont78ce.eot]
[www.2035themes.com/luxen/boxed/css/font-awesome/fontawesome-webfontd41d.eot]
[www.2035themes.com/luxen/boxed/css/font-awesome/fontawesome-webfont78ce.woff]
[www.2035themes.com/luxen/boxed/css/font-awesome/fontawesome-webfont78ce.ttf]
[www.2035themes.com/luxen/boxed/css/font-awesome.min.css]
[www.2035themes.com/luxen/boxed/css/slicknav.css]
[www.2035themes.com/luxen/boxed/css/jquery.countdown.css]
[www.2035themes.com/luxen/boxed/css/supersized.css]
[www.2035themes.com/luxen/boxed/css/supersized.shutter.css]
[www.2035themes.com/luxen/fonts/glyphicons-halflings-regular.html]
[www.2035themes.com/luxen/fonts/glyphicons-halflings-regulard41d.html]
[www.2035themes.com/luxen/fonts/glyphicons-halflings-regular-2.html]
[www.2035themes.com/luxen/fonts/glyphicons-halflings-regular-3.html]
[www.2035themes.com/luxen/fonts/glyphicons-halflings-regular-4.html]
[www.2035themes.com/luxen/css/font-awesome/fontawesome-webfont78ce.svg]
[www.2035themes.com/luxen/contact.html]
[www.2035themes.com/luxen/boxed/css/font-awesome/fontawesome-webfont78ce.svg]
[www.2035themes.com/luxen/boxed/contact.html]
[www.2035themes.com/luxen/css/fonts/flexslider-icon.html]
[www.2035themes.com/luxen/css/fonts/flexslider-icond41d.html]
[www.2035themes.com/luxen/css/fonts/flexslider-icon-2.html]
[www.2035themes.com/luxen/css/fonts/flexslider-icon-3.html]
[www.2035themes.com/luxen/css/fonts/flexslider-icon-4.html]
[www.2035themes.com/luxen/boxed/fonts/glyphicons-halflings-regular.html]
[www.2035themes.com/luxen/boxed/fonts/glyphicons-halflings-regulard41d.html]
[www.2035themes.com/luxen/boxed/fonts/glyphicons-halflings-regular-2.html]
[www.2035themes.com/luxen/boxed/fonts/glyphicons-halflings-regular-3.html]
[www.2035themes.com/luxen/boxed/fonts/glyphicons-halflings-regular-4.html]
[www.2035themes.com/luxen/boxed/css/fonts/flexslider-icon.html]
[www.2035themes.com/luxen/boxed/css/fonts/flexslider-icond41d.html]
[www.2035themes.com/luxen/boxed/css/fonts/flexslider-icon-2.html]
[www.2035themes.com/luxen/boxed/css/fonts/flexslider-icon-3.html]
[www.2035themes.com/luxen/boxed/css/fonts/flexslider-icon-4.html]
[www.2035themes.com/luxen/img/nav-bg.html]
[www.2035themes.com/luxen/img/bg-hover.html]
[www.2035themes.com/luxen/img/back.html]
[www.2035themes.com/luxen/img/forward.html]
[www.2035themes.com/luxen/img/nav-dot.html]
[www.2035themes.com/luxen/img/progress-back.html]
[www.2035themes.com/luxen/img/progress-bar.html]
[www.2035themes.com/luxen/img/bg-black.html]
[www.2035themes.com/luxen/img/thumb-back.html]
[www.2035themes.com/luxen/img/thumb-forward.html]
[www.2035themes.com/luxen/boxed/img/nav-bg.html]
[www.2035themes.com/luxen/boxed/img/bg-hover.html]
[www.2035themes.com/luxen/boxed/img/back.html]
[www.2035themes.com/luxen/boxed/img/forward.html]
[www.2035themes.com/luxen/boxed/img/nav-dot.html]
[www.2035themes.com/luxen/boxed/img/progress-back.html]
[www.2035themes.com/luxen/boxed/img/progress-bar.html]
[www.2035themes.com/luxen/boxed/img/bg-black.html]
[www.2035themes.com/luxen/boxed/img/thumb-back.html]
[www.2035themes.com/luxen/boxed/img/thumb-forward.html]
